
> contributor_compass@0.1.0 build
> next build

Γû▓ Next.js 16.1.6 (Turbopack)
- Environments: .env

  Creating an optimized production build ...
node.exe : 
At C:\Program Files\nod
ejs\npm.ps1:29 char:3
+   & $NODE_EXE 
$NPM_CLI_JS $args
+   ~~~~~~~~~~~~~~~~~~~
~~~~~~~~~~
    + CategoryInfo     
         : NotSpecifi  
  ed: (:String) [],    
 RemoteException
    + FullyQualifiedEr 
   rorId : NativeComm  
  andError
 
> Build error occurred
Error: Turbopack build 
failed with 2 errors:
./src/app/api/analyze/r
oute.ts:1:1
Module not found: 
Can't resolve 
'next-server'
[0m[31m[1m>[22m[39
m[90m 1 |[39m 
[36mimport[39m { 
[33mNextResponse[39m 
} [36mfrom[39m [32m"
next-server"[39m[33m;
[39m
 [90m   |[39m [31m[
1m^[22m[39m[31m[1m^
[22m[39m[31m[1m^[2
2m[39m[31m[1m^[22m
[39m[31m[1m^[22m[39
m[31m[1m^[22m[39m[
31m[1m^[22m[39m[31m
[1m^[22m[39m[31m[1
m^[22m[39m[31m[1m^
[22m[39m[31m[1m^[22
m[39m[31m[1m^[22m[
39m[31m[1m^[22m[39m
[31m[1m^[22m[39m[3
1m[1m^[22m[39m[31m
[1m^[22m[39m[31m[1m
^[22m[39m[31m[1m^[
22m[39m[31m[1m^[22m
[39m[31m[1m^[22m[3
9m[31m[1m^[22m[39m
[31m[1m^[22m[39m[31
m[1m^[22m[39m[31m[
1m^[22m[39m[31m[1m^
[22m[39m[31m[1m^[2
2m[39m[31m[1m^[22m
[39m[31m[1m^[22m[39
m[31m[1m^[22m[39m[
31m[1m^[22m[39m[31m
[1m^[22m[39m[31m[1
m^[22m[39m[31m[1m^
[22m[39m[31m[1m^[22
m[39m[31m[1m^[22m[
39m[31m[1m^[22m[39m
[31m[1m^[22m[39m[3
1m[1m^[22m[39m[31m
[1m^[22m[39m[31m[1m
^[22m[39m[31m[1m^[
22m[39m[31m[1m^[22m
[39m[31m[1m^[22m[3
9m
 [90m 2 |[39m 
[36mimport[39m { 
getServerSession } 
[36mfrom[39m [32m"ne
xt-auth/next"[39m[33m
;[39m
 [90m 3 |[39m 
[36mimport[39m { 
authOptions } 
[36mfrom[39m [32m"..
/auth/[...nextauth]/rou
te"[39m[33m;[39m
 [90m 4 |[39m 
[36mimport[39m { 
[33mPrismaClient[39m 
} [36mfrom[39m [32m"
@prisma/client"[39m[3
3m;[39m[0m



https://nextjs.org/docs
/messages/module-not-fo
und


./src/app/api/challenge
s/route.ts:1:1
Module not found: 
Can't resolve 
'next-server'
[0m[31m[1m>[22m[39
m[90m 1 |[39m 
[36mimport[39m { 
[33mNextResponse[39m 
} [36mfrom[39m [32m"
next-server"[39m[33m;
[39m
 [90m   |[39m [31m[
1m^[22m[39m[31m[1m^
[22m[39m[31m[1m^[2
2m[39m[31m[1m^[22m
[39m[31m[1m^[22m[39
m[31m[1m^[22m[39m[
31m[1m^[22m[39m[31m
[1m^[22m[39m[31m[1
m^[22m[39m[31m[1m^
[22m[39m[31m[1m^[22
m[39m[31m[1m^[22m[
39m[31m[1m^[22m[39m
[31m[1m^[22m[39m[3
1m[1m^[22m[39m[31m
[1m^[22m[39m[31m[1m
^[22m[39m[31m[1m^[
22m[39m[31m[1m^[22m
[39m[31m[1m^[22m[3
9m[31m[1m^[22m[39m
[31m[1m^[22m[39m[31
m[1m^[22m[39m[31m[
1m^[22m[39m[31m[1m^
[22m[39m[31m[1m^[2
2m[39m[31m[1m^[22m
[39m[31m[1m^[22m[39
m[31m[1m^[22m[39m[
31m[1m^[22m[39m[31m
[1m^[22m[39m[31m[1
m^[22m[39m[31m[1m^
[22m[39m[31m[1m^[22
m[39m[31m[1m^[22m[
39m[31m[1m^[22m[39m
[31m[1m^[22m[39m[3
1m[1m^[22m[39m[31m
[1m^[22m[39m[31m[1m
^[22m[39m[31m[1m^[
22m[39m[31m[1m^[22m
[39m[31m[1m^[22m[3
9m
 [90m 2 |[39m 
[36mimport[39m { 
getServerSession } 
[36mfrom[39m [32m"ne
xt-auth/next"[39m[33m
;[39m
 [90m 3 |[39m 
[36mimport[39m { 
authOptions } 
[36mfrom[39m [32m"..
/auth/[...nextauth]/rou
te"[39m[33m;[39m
 [90m 4 |[39m 
[36mimport[39m 
[33mAnthropic[39m 
[36mfrom[39m [32m"@a
nthropic-ai/sdk"[39m[
33m;[39m[0m



https://nextjs.org/docs
/messages/module-not-fo
und


    at <unknown> (./src
/app/api/analyze/route.
ts:1:1)
    at <unknown> (https
://nextjs.org/docs/mess
ages/module-not-found)
    at <unknown> (./src
/app/api/challenges/rou
te.ts:1:1)
    at <unknown> (https
://nextjs.org/docs/mess
ages/module-not-found)
